<?xml version="1.0" encoding="utf-8"?><testsuites><testsuite name="pytest" errors="0" failures="0" skipped="0" tests="5" time="1.714" timestamp="2025-04-16T08:28:04.804420+00:00" hostname="fv-az1340-78"><testcase classname="tests.test_auth" name="test_login_success" time="0.460" /><testcase classname="tests.test_auth" name="test_login_fail" time="0.139" /><testcase classname="tests.test_auth" name="test_register_success" time="0.007" /><testcase classname="tests.test_auth" name="test_register_fail" time="0.003" /><testcase classname="tests.test_example" name="test_example" time="0.001" /></testsuite></testsuites>